[
"alicloud_ack_one_cluster",
"alicloud_ack_one_membership_attachment",
"alicloud_alb_acl",
"alicloud_alb_acl_entry_attachment",
"alicloud_alb_ascript",
"alicloud_alb_health_check_template",
"alicloud_alb_listener",
"alicloud_alb_listener_acl_attachment",
"alicloud_alb_load_balancer",
"alicloud_alb_load_balancer_security_group_attachment",
"alicloud_alb_load_balancer_zone_shifted_attachment",
"alicloud_alb_rule",
"alicloud_alb_security_policy",
"alicloud_alb_server_group",
"alicloud_alidns_address_pool",
"alicloud_alidns_custom_line",
"alicloud_alidns_domain",
"alicloud_alidns_domain_attachment",
"alicloud_alidns_domain_group",
"alicloud_alidns_gtm_instance",
"alicloud_alidns_instance",
"alicloud_alidns_monitor_config",
"alicloud_alidns_record",
"alicloud_alikafka_consumer_group",
"alicloud_alikafka_instance",
"alicloud_alikafka_instance_allowed_ip_attachment",
"alicloud_alikafka_sasl_acl",
"alicloud_alikafka_sasl_user",
"alicloud_alikafka_scheduled_scaling_rule",
"alicloud_alikafka_topic",
"alicloud_auto_provisioning_group",
"alicloud_cdn_domain_config",
"alicloud_cdn_domain_new",
"alicloud_cdn_fc_trigger",
"alicloud_cms_alarm_contact_group",
"alicloud_cr_chain",
"alicloud_cr_chart_namespace",
"alicloud_cr_chart_repository",
"alicloud_cr_ee_instance",
"alicloud_cr_ee_namespace",
"alicloud_cr_ee_repo",
"alicloud_cr_ee_sync_rule",
"alicloud_cr_endpoint_acl_policy",
"alicloud_cr_namespace",
"alicloud_cr_repo",
"alicloud_cr_scan_rule",
"alicloud_cr_storage_domain_routing_rule",
"alicloud_cr_vpc_endpoint_linked_vpc",
"alicloud_cs_autoscaling_config",
"alicloud_cs_edge_kubernetes",
"alicloud_cs_kubernetes",
"alicloud_cs_kubernetes_addon",
"alicloud_cs_kubernetes_node_pool",
"alicloud_cs_kubernetes_permissions",
"alicloud_cs_managed_kubernetes",
"alicloud_cs_serverless_kubernetes",
"alicloud_ecs_activation",
"alicloud_ecs_auto_snapshot_policy",
"alicloud_ecs_auto_snapshot_policy_attachment",
"alicloud_ecs_capacity_reservation",
"alicloud_ecs_command",
"alicloud_ecs_dedicated_host",
"alicloud_ecs_dedicated_host_cluster",
"alicloud_ecs_deployment_set",
"alicloud_ecs_disk",
"alicloud_ecs_disk_attachment",
"alicloud_ecs_elasticity_assurance",
"alicloud_ecs_hpc_cluster",
"alicloud_ecs_image_component",
"alicloud_ecs_image_pipeline",
"alicloud_ecs_image_pipeline_execution",
"alicloud_ecs_instance_set",
"alicloud_ecs_invocation",
"alicloud_ecs_key_pair",
"alicloud_ecs_key_pair_attachment",
"alicloud_ecs_launch_template",
"alicloud_ecs_network_interface",
"alicloud_ecs_network_interface_attachment",
"alicloud_ecs_network_interface_permission",
"alicloud_ecs_prefix_list",
"alicloud_ecs_session_manager_status",
"alicloud_ecs_snapshot",
"alicloud_ecs_snapshot_group",
"alicloud_ecs_storage_capacity_unit",
"alicloud_fcv3_alias",
"alicloud_fcv3_async_invoke_config",
"alicloud_fcv3_concurrency_config",
"alicloud_fcv3_custom_domain",
"alicloud_fcv3_function",
"alicloud_fcv3_function_version",
"alicloud_fcv3_layer_version",
"alicloud_fcv3_provision_config",
"alicloud_fcv3_trigger",
"alicloud_fcv3_vpc_binding",
"alicloud_image",
"alicloud_image_copy",
"alicloud_image_export",
"alicloud_image_import",
"alicloud_image_share_permission",
"alicloud_instance",
"alicloud_kms_alias",
"alicloud_kms_instance",
"alicloud_kms_key",
"alicloud_kms_secret",
"alicloud_kvstore_account",
"alicloud_kvstore_audit_log_config",
"alicloud_kvstore_connection",
"alicloud_kvstore_instance",
"alicloud_message_service_endpoint",
"alicloud_message_service_endpoint_acl",
"alicloud_message_service_queue",
"alicloud_message_service_subscription",
"alicloud_message_service_topic",
"alicloud_oos_application",
"alicloud_oos_application_group",
"alicloud_oos_default_patch_baseline",
"alicloud_oos_execution",
"alicloud_oos_parameter",
"alicloud_oos_patch_baseline",
"alicloud_oos_secret_parameter",
"alicloud_oos_service_setting",
"alicloud_oos_state_configuration",
"alicloud_oos_template",
"alicloud_oss_access_point",
"alicloud_oss_account_public_access_block",
"alicloud_oss_bucket",
"alicloud_oss_bucket_access_monitor",
"alicloud_oss_bucket_acl",
"alicloud_oss_bucket_cname",
"alicloud_oss_bucket_cname_token",
"alicloud_oss_bucket_cors",
"alicloud_oss_bucket_data_redundancy_transition",
"alicloud_oss_bucket_https_config",
"alicloud_oss_bucket_logging",
"alicloud_oss_bucket_meta_query",
"alicloud_oss_bucket_object",
"alicloud_oss_bucket_policy",
"alicloud_oss_bucket_public_access_block",
"alicloud_oss_bucket_referer",
"alicloud_oss_bucket_replication",
"alicloud_oss_bucket_request_payment",
"alicloud_oss_bucket_server_side_encryption",
"alicloud_oss_bucket_style",
"alicloud_oss_bucket_transfer_acceleration",
"alicloud_oss_bucket_user_defined_log_fields",
"alicloud_oss_bucket_versioning",
"alicloud_oss_bucket_website",
"alicloud_oss_bucket_worm",
"alicloud_polardb_account",
"alicloud_polardb_account_privilege",
"alicloud_polardb_backup_policy",
"alicloud_polardb_cluster",
"alicloud_polardb_cluster_endpoint",
"alicloud_polardb_database",
"alicloud_polardb_endpoint",
"alicloud_polardb_endpoint_address",
"alicloud_polardb_global_database_network",
"alicloud_polardb_parameter_group",
"alicloud_polardb_primary_endpoint",
"alicloud_privatelink_vpc_endpoint",
"alicloud_privatelink_vpc_endpoint_connection",
"alicloud_privatelink_vpc_endpoint_service",
"alicloud_privatelink_vpc_endpoint_service_resource",
"alicloud_privatelink_vpc_endpoint_service_user",
"alicloud_privatelink_vpc_endpoint_zone",
"alicloud_quotas_quota_alarm",
"alicloud_quotas_quota_application",
"alicloud_quotas_template_applications",
"alicloud_quotas_template_quota",
"alicloud_quotas_template_service",
"alicloud_ram_access_key",
"alicloud_ram_account_alias",
"alicloud_ram_account_password_policy",
"alicloud_ram_group",
"alicloud_ram_group_membership",
"alicloud_ram_group_policy_attachment",
"alicloud_ram_login_profile",
"alicloud_ram_password_policy",
"alicloud_ram_policy",
"alicloud_ram_role",
"alicloud_ram_role_policy_attachment",
"alicloud_ram_saml_provider",
"alicloud_ram_security_preference",
"alicloud_ram_user",
"alicloud_ram_user_group_attachment",
"alicloud_ram_user_policy_attachment",
"alicloud_redis_tair_instance",
"alicloud_reserved_instance",
"alicloud_route_table",
"alicloud_security_group",
"alicloud_security_group_rule",
"alicloud_slb_acl",
"alicloud_slb_listener",
"alicloud_slb_load_balancer",
"alicloud_vpc",
"alicloud_vswitch"
]